******************************************************************************
             TMS320C2000 Linker PC v20.2.1                     
******************************************************************************
>> Linked Fri Dec 23 12:16:56 2022

OUTPUT FILE NAME:   <../FW_control_DC.out>
ENTRY POINT SYMBOL: "_c_int00"  address: 003d8a88


MEMORY CONFIGURATION

         name            origin    length      used     unused   attr    fill
----------------------  --------  ---------  --------  --------  ----  --------
PAGE 0:
  BEGINRAM              00000000   00000002  00000000  00000002  RWIX
  PRAM                  00008000   00006000  00000351  00005caf  RWIX
  OTP                   003d7800   000003fa  00000000  000003fa  RWIX
  FLASH                 003d8000   0001fff0  00001313  0001ecdd  RWIX
  BEGINFLASH            003f7ff6   00000002  00000002  00000000  RWIX
  CSM_PWL               003f7ff8   00000008  00000000  00000008  RWIX
  FPUTABLES             003fd590   000006a0  000006a0  00000000  RWIX
  IQTABLES              003fdc30   00000b50  00000000  00000b50  RWIX
  IQTABLES2             003fe780   0000008c  00000000  0000008c  RWIX
  IQTABLES3             003fe80c   000000aa  00000000  000000aa  RWIX
  BOOTROM               003ff3b0   00000c10  00000000  00000c10  RWIX
  RESET                 003fffc0   00000002  00000000  00000002  RWIX
  VECTORS               003fffc2   0000003e  00000000  0000003e  RWIX

PAGE 1:
  RAMM0M1               00000002   000007fe  00000200  000005fe  RWIX
  DEV_EMU               00000880   00000105  00000004  00000101  RWIX
  SYS_PWR_CTL           00000985   00000003  00000003  00000000  RWIX
  FLASH_REGS            00000a80   00000060  00000008  00000058  RWIX
  CSM                   00000ae0   00000020  00000010  00000010  RWIX
  ADC_RESULT            00000b00   00000020  00000010  00000010  RWIX
  CPU_TIMER0            00000c00   00000008  00000008  00000000  RWIX
  CPU_TIMER1            00000c08   00000008  00000008  00000000  RWIX
  CPU_TIMER2            00000c10   00000008  00000008  00000000  RWIX
  PIE_CTRL              00000ce0   00000020  0000001a  00000006  RWIX
  PIE_VECT              00000d00   00000100  00000100  00000000  RWIX
  DMA                   00001000   00000200  000000e0  00000120  RWIX
  CLA1                  00001400   00000080  00000040  00000040  RWIX
  USB0                  00004000   00001000  00000454  00000bac  RWIX
  McBSPA                00005000   00000040  00000024  0000001c  RWIX
  ECANA                 00006000   00000040  00000034  0000000c  RWIX
  ECANA_LAM             00006040   00000040  00000040  00000000  RWIX
  ECANA_MOTS            00006080   00000040  00000040  00000000  RWIX
  ECANA_MOTO            000060c0   00000040  00000040  00000000  RWIX
  ECANA_MBOX            00006100   00000100  00000100  00000000  RWIX
  COMP1                 00006400   00000020  00000014  0000000c  RWIX
  COMP2                 00006420   00000020  00000014  0000000c  RWIX
  COMP3                 00006440   00000020  00000014  0000000c  RWIX
  EPWM1                 00006800   00000040  00000040  00000000  RWIX
  EPWM2                 00006840   00000040  00000040  00000000  RWIX
  EPWM3                 00006880   00000040  00000040  00000000  RWIX
  EPWM4                 000068c0   00000040  00000040  00000000  RWIX
  EPWM5                 00006900   00000040  00000040  00000000  RWIX
  EPWM6                 00006940   00000040  00000040  00000000  RWIX
  EPWM7                 00006980   00000040  00000040  00000000  RWIX
  EPWM8                 000069c0   00000040  00000040  00000000  RWIX
  ECAP1                 00006a00   00000020  00000020  00000000  RWIX
  ECAP2                 00006a20   00000020  00000020  00000000  RWIX
  ECAP3                 00006a40   00000020  00000020  00000000  RWIX
  HRCAP1                00006ac0   00000020  00000020  00000000  RWIX
  HRCAP2                00006ae0   00000020  00000020  00000000  RWIX
  EQEP1                 00006b00   00000040  00000022  0000001e  RWIX
  EQEP2                 00006b40   00000040  00000022  0000001e  RWIX
  HRCAP3                00006c80   00000020  00000020  00000000  RWIX
  HRCAP4                00006ca0   00000020  00000020  00000000  RWIX
  GPIOCTRL              00006f80   00000040  00000040  00000000  RWIX
  GPIODAT               00006fc0   00000020  00000020  00000000  RWIX
  GPIOINT               00006fe0   00000020  00000020  00000000  RWIX
  SYSTEM                00007010   00000030  00000030  00000000  RWIX
  SPIA                  00007040   00000010  00000010  00000000  RWIX
  SCIA                  00007050   00000010  00000010  00000000  RWIX
  NMIINTRUPT            00007060   00000010  00000010  00000000  RWIX
  XINTRUPT              00007070   00000010  00000010  00000000  RWIX
  ADC                   00007100   00000080  00000050  00000030  RWIX
  SPIB                  00007740   00000010  00000010  00000000  RWIX
  SCIB                  00007750   00000010  00000010  00000000  RWIX
  I2CA                  00007900   00000040  00000022  0000001e  RWIX
  DRAM                  0000e000   00006000  0000010c  00005ef4  RWIX
  PARTID                003d7e80   00000001  00000001  00000000  RWIX
  CSM_PWL               003f7ff8   00000008  00000008  00000000  RWIX


SECTION ALLOCATION MAP

 output                                  attributes/
section   page    origin      length       input sections
--------  ----  ----------  ----------   ----------------
DevEmuRegsFile 
*          1    00000880    00000004     UNINITIALIZED
                  00000880    00000004     F2806x_GlobalVariableDefs.obj (DevEmuRegsFile)

SysPwrCtrlRegsFile 
*          1    00000985    00000003     UNINITIALIZED
                  00000985    00000003     F2806x_GlobalVariableDefs.obj (SysPwrCtrlRegsFile)

FlashRegsFile 
*          1    00000a80    00000008     UNINITIALIZED
                  00000a80    00000008     F2806x_GlobalVariableDefs.obj (FlashRegsFile)

CsmRegsFile 
*          1    00000ae0    00000010     UNINITIALIZED
                  00000ae0    00000010     F2806x_GlobalVariableDefs.obj (CsmRegsFile)

AdcResultFile 
*          1    00000b00    00000010     UNINITIALIZED
                  00000b00    00000010     F2806x_GlobalVariableDefs.obj (AdcResultFile)

CpuTimer0RegsFile 
*          1    00000c00    00000008     UNINITIALIZED
                  00000c00    00000008     F2806x_GlobalVariableDefs.obj (CpuTimer0RegsFile)

CpuTimer1RegsFile 
*          1    00000c08    00000008     UNINITIALIZED
                  00000c08    00000008     F2806x_GlobalVariableDefs.obj (CpuTimer1RegsFile)

CpuTimer2RegsFile 
*          1    00000c10    00000008     UNINITIALIZED
                  00000c10    00000008     F2806x_GlobalVariableDefs.obj (CpuTimer2RegsFile)

PieCtrlRegsFile 
*          1    00000ce0    0000001a     UNINITIALIZED
                  00000ce0    0000001a     F2806x_GlobalVariableDefs.obj (PieCtrlRegsFile)

PieVectTableFile 
*          1    00000d00    00000100     UNINITIALIZED
                  00000d00    00000100     F2806x_GlobalVariableDefs.obj (PieVectTableFile)

EmuKeyVar 
*          1    00000d00    00000001     UNINITIALIZED
                  00000d00    00000001     F2806x_GlobalVariableDefs.obj (EmuKeyVar)

EmuBModeVar 
*          1    00000d01    00000001     UNINITIALIZED
                  00000d01    00000001     F2806x_GlobalVariableDefs.obj (EmuBModeVar)

FlashCallbackVar 
*          1    00000d02    00000002     UNINITIALIZED
                  00000d02    00000002     F2806x_GlobalVariableDefs.obj (FlashCallbackVar)

FlashScalingVar 
*          1    00000d04    00000002     UNINITIALIZED
                  00000d04    00000002     F2806x_GlobalVariableDefs.obj (FlashScalingVar)

DmaRegsFile 
*          1    00001000    000000e0     UNINITIALIZED
                  00001000    000000e0     F2806x_GlobalVariableDefs.obj (DmaRegsFile)

Cla1RegsFile 
*          1    00001400    00000040     UNINITIALIZED
                  00001400    00000040     F2806x_GlobalVariableDefs.obj (Cla1RegsFile)

Usb0RegsFile 
*          1    00004000    00000454     UNINITIALIZED
                  00004000    00000454     F2806x_GlobalVariableDefs.obj (Usb0RegsFile)

McbspaRegsFile 
*          1    00005000    00000024     UNINITIALIZED
                  00005000    00000024     F2806x_GlobalVariableDefs.obj (McbspaRegsFile)

ECanaRegsFile 
*          1    00006000    00000034     UNINITIALIZED
                  00006000    00000034     F2806x_GlobalVariableDefs.obj (ECanaRegsFile)

ECanaLAMRegsFile 
*          1    00006040    00000040     UNINITIALIZED
                  00006040    00000040     F2806x_GlobalVariableDefs.obj (ECanaLAMRegsFile)

ECanaMOTSRegsFile 
*          1    00006080    00000040     UNINITIALIZED
                  00006080    00000040     F2806x_GlobalVariableDefs.obj (ECanaMOTSRegsFile)

ECanaMOTORegsFile 
*          1    000060c0    00000040     UNINITIALIZED
                  000060c0    00000040     F2806x_GlobalVariableDefs.obj (ECanaMOTORegsFile)

ECanaMboxesFile 
*          1    00006100    00000100     UNINITIALIZED
                  00006100    00000100     F2806x_GlobalVariableDefs.obj (ECanaMboxesFile)

Comp1RegsFile 
*          1    00006400    00000014     UNINITIALIZED
                  00006400    00000014     F2806x_GlobalVariableDefs.obj (Comp1RegsFile)

Comp2RegsFile 
*          1    00006420    00000014     UNINITIALIZED
                  00006420    00000014     F2806x_GlobalVariableDefs.obj (Comp2RegsFile)

Comp3RegsFile 
*          1    00006440    00000014     UNINITIALIZED
                  00006440    00000014     F2806x_GlobalVariableDefs.obj (Comp3RegsFile)

EPwm1RegsFile 
*          1    00006800    00000040     UNINITIALIZED
                  00006800    00000040     F2806x_GlobalVariableDefs.obj (EPwm1RegsFile)

EPwm2RegsFile 
*          1    00006840    00000040     UNINITIALIZED
                  00006840    00000040     F2806x_GlobalVariableDefs.obj (EPwm2RegsFile)

EPwm3RegsFile 
*          1    00006880    00000040     UNINITIALIZED
                  00006880    00000040     F2806x_GlobalVariableDefs.obj (EPwm3RegsFile)

EPwm4RegsFile 
*          1    000068c0    00000040     UNINITIALIZED
                  000068c0    00000040     F2806x_GlobalVariableDefs.obj (EPwm4RegsFile)

EPwm5RegsFile 
*          1    00006900    00000040     UNINITIALIZED
                  00006900    00000040     F2806x_GlobalVariableDefs.obj (EPwm5RegsFile)

EPwm6RegsFile 
*          1    00006940    00000040     UNINITIALIZED
                  00006940    00000040     F2806x_GlobalVariableDefs.obj (EPwm6RegsFile)

EPwm7RegsFile 
*          1    00006980    00000040     UNINITIALIZED
                  00006980    00000040     F2806x_GlobalVariableDefs.obj (EPwm7RegsFile)

EPwm8RegsFile 
*          1    000069c0    00000040     UNINITIALIZED
                  000069c0    00000040     F2806x_GlobalVariableDefs.obj (EPwm8RegsFile)

ECap1RegsFile 
*          1    00006a00    00000020     UNINITIALIZED
                  00006a00    00000020     F2806x_GlobalVariableDefs.obj (ECap1RegsFile)

ECap2RegsFile 
*          1    00006a20    00000020     UNINITIALIZED
                  00006a20    00000020     F2806x_GlobalVariableDefs.obj (ECap2RegsFile)

ECap3RegsFile 
*          1    00006a40    00000020     UNINITIALIZED
                  00006a40    00000020     F2806x_GlobalVariableDefs.obj (ECap3RegsFile)

HRCap1RegsFile 
*          1    00006ac0    00000020     UNINITIALIZED
                  00006ac0    00000020     F2806x_GlobalVariableDefs.obj (HRCap1RegsFile)

HRCap2RegsFile 
*          1    00006ae0    00000020     UNINITIALIZED
                  00006ae0    00000020     F2806x_GlobalVariableDefs.obj (HRCap2RegsFile)

EQep1RegsFile 
*          1    00006b00    00000022     UNINITIALIZED
                  00006b00    00000022     F2806x_GlobalVariableDefs.obj (EQep1RegsFile)

EQep2RegsFile 
*          1    00006b40    00000022     UNINITIALIZED
                  00006b40    00000022     F2806x_GlobalVariableDefs.obj (EQep2RegsFile)

HRCap3RegsFile 
*          1    00006c80    00000020     UNINITIALIZED
                  00006c80    00000020     F2806x_GlobalVariableDefs.obj (HRCap3RegsFile)

HRCap4RegsFile 
*          1    00006ca0    00000020     UNINITIALIZED
                  00006ca0    00000020     F2806x_GlobalVariableDefs.obj (HRCap4RegsFile)

GpioCtrlRegsFile 
*          1    00006f80    00000040     UNINITIALIZED
                  00006f80    00000040     F2806x_GlobalVariableDefs.obj (GpioCtrlRegsFile)

GpioDataRegsFile 
*          1    00006fc0    00000020     UNINITIALIZED
                  00006fc0    00000020     F2806x_GlobalVariableDefs.obj (GpioDataRegsFile)

GpioIntRegsFile 
*          1    00006fe0    00000020     UNINITIALIZED
                  00006fe0    00000020     F2806x_GlobalVariableDefs.obj (GpioIntRegsFile)

SysCtrlRegsFile 
*          1    00007010    00000030     UNINITIALIZED
                  00007010    00000030     F2806x_GlobalVariableDefs.obj (SysCtrlRegsFile)

SpiaRegsFile 
*          1    00007040    00000010     UNINITIALIZED
                  00007040    00000010     F2806x_GlobalVariableDefs.obj (SpiaRegsFile)

SciaRegsFile 
*          1    00007050    00000010     UNINITIALIZED
                  00007050    00000010     F2806x_GlobalVariableDefs.obj (SciaRegsFile)

NmiIntruptRegsFile 
*          1    00007060    00000010     UNINITIALIZED
                  00007060    00000010     F2806x_GlobalVariableDefs.obj (NmiIntruptRegsFile)

XIntruptRegsFile 
*          1    00007070    00000010     UNINITIALIZED
                  00007070    00000010     F2806x_GlobalVariableDefs.obj (XIntruptRegsFile)

AdcRegsFile 
*          1    00007100    00000050     UNINITIALIZED
                  00007100    00000050     F2806x_GlobalVariableDefs.obj (AdcRegsFile)

SpibRegsFile 
*          1    00007740    00000010     UNINITIALIZED
                  00007740    00000010     F2806x_GlobalVariableDefs.obj (SpibRegsFile)

ScibRegsFile 
*          1    00007750    00000010     UNINITIALIZED
                  00007750    00000010     F2806x_GlobalVariableDefs.obj (ScibRegsFile)

I2caRegsFile 
*          1    00007900    00000022     UNINITIALIZED
                  00007900    00000022     F2806x_GlobalVariableDefs.obj (I2caRegsFile)

PartIdRegsFile 
*          1    003d7e80    00000001     UNINITIALIZED
                  003d7e80    00000001     F2806x_GlobalVariableDefs.obj (PartIdRegsFile)

CsmPwlFile 
*          1    003f7ff8    00000008     UNINITIALIZED
                  003f7ff8    00000008     F2806x_GlobalVariableDefs.obj (CsmPwlFile)

.text      0    003d8000    00000e4d     
                  003d8000    0000039b     F2806x_DefaultIsr.obj (.text:retain)
                  003d839b    0000023a     F2806x_Adc.obj (.text)
                  003d85d5    0000018c     F2806x_SysCtrl.obj (.text)
                  003d8761    00000177     FW_control_DC.obj (.text)
                  003d88d8    00000080     MW_c28xx_adc.obj (.text)
                  003d8958    00000076     F2806x_CpuTimers.obj (.text)
                  003d89ce    00000061     ert_main.obj (.text)
                  003d8a2f    00000059     rts2800_fpu32.lib : s_floorf.c.obj (.text)
                  003d8a88    00000056                       : boot28.asm.obj (.text)
                  003d8ade    0000004f     rts2800_fpu32_fast_supplement.lib : atan2_f32.obj (.text)
                  003d8b2d    0000004e     c2806xSchedulerTimer0.obj (.text)
                  003d8b7b    0000004a     rts2800_fpu32_fast_supplement.lib : atan_f32.obj (.text)
                  003d8bc5    00000044     c2806xSchedulerTimer0.obj (.text:retain)
                  003d8c09    0000003d     MW_c28xx_board.obj (.text)
                  003d8c46    0000003a     MW_c28xx_qep.obj (.text)
                  003d8c80    00000034     c2806xBoard_Realtime_Support.obj (.text)
                  003d8cb4    00000034     rts2800_fpu32_fast_supplement.lib : cos_f32.obj (.text)
                  003d8ce8    00000034                                       : sin_f32.obj (.text)
                  003d8d1c    00000029     rts2800_fpu32.lib : exit.c.obj (.text)
                  003d8d45    00000028     F2806x_PieCtrl.obj (.text)
                  003d8d6d    00000026     F2806x_PieVect.obj (.text)
                  003d8d93    00000024     rts2800_fpu32.lib : cpy_tbl.c.obj (.text)
                  003d8db7    00000021     rts2800_fpu32_fast_supplement.lib : sqrt_f32.obj (.text)
                  003d8dd8    0000001f     MW_c28xx_pwm.obj (.text)
                  003d8df7    0000001d     rts2800_fpu32.lib : memcpy.c.obj (.text)
                  003d8e14    00000012                       : args_main.c.obj (.text)
                  003d8e26    00000011     MW_c28xGlobalInterrupts.obj (.text)
                  003d8e37    00000009     rts2800_fpu32.lib : _lock.c.obj (.text)
                  003d8e40    00000008     F2806x_CodeStartBranch.obj (.text)
                  003d8e48    00000002     blapp_support.obj (.text)
                  003d8e4a    00000002     rts2800_fpu32.lib : pre_init.c.obj (.text)
                  003d8e4c    00000001                       : startup.c.obj (.text)

.bss       1    0000e000    00000000     UNINITIALIZED

.ebss      1    0000e000    0000010c     UNINITIALIZED
                  0000e000    000000a0     FW_control_DC.obj (.ebss)
                  0000e0a0    00000018     F2806x_CpuTimers.obj (.ebss)
                  0000e0b8    00000006     rts2800_fpu32.lib : exit.c.obj (.ebss)
                  0000e0be    00000002                       : _lock.c.obj (.ebss:__lock)
                  0000e0c0    00000044     FW_control_DC_data.obj (.ebss)
                  0000e104    00000004     ert_main.obj (.ebss)
                  0000e108    00000002     rts2800_fpu32.lib : _lock.c.obj (.ebss:__unlock)
                  0000e10a    00000001     MW_c28xGPIO.obj (.ebss)
                  0000e10b    00000001     MW_c28xGlobalInterrupts.obj (.ebss)

.cinit     0    003d92a2    00000071     
                  003d92a2    00000047     FW_control_DC_data.obj (.cinit)
                  003d92e9    0000000e     rts2800_fpu32.lib : exit.c.obj (.cinit)
                  003d92f7    00000008     ert_main.obj (.cinit)
                  003d92ff    00000005     rts2800_fpu32.lib : _lock.c.obj (.cinit:__lock)
                  003d9304    00000005                       : _lock.c.obj (.cinit:__unlock)
                  003d9309    00000004     FW_control_DC.obj (.cinit)
                  003d930d    00000004     MW_c28xGPIO.obj (.cinit)
                  003d9311    00000002     --HOLE-- [fill = 0]

.pinit     0    003d8000    00000000     UNINITIALIZED

.econst    0    003d919e    00000104     
                  003d919e    00000100     F2806x_PieVect.obj (.econst:_PieVectTableInit)
                  003d929e    00000002     FW_control_DC.obj (.econst)
                  003d92a0    00000002     rts2800_fpu32.lib : s_floorf.c.obj (.econst)

.reset     0    003fffc0    00000002     DSECT
                  003fffc0    00000002     rts2800_fpu32.lib : boot28.asm.obj (.reset)

.data      1    0000e000    00000000     UNINITIALIZED

.stack     1    00000002    00000200     UNINITIALIZED
                  00000002    00000200     --HOLE--

codestart 
*          0    003f7ff6    00000002     
                  003f7ff6    00000002     F2806x_CodeStartBranch.obj (codestart)

ramfuncs   0    003d8e4d    00000351     RUN ADDR = 00008000
                  003d8e4d    00000332     FW_control_DC.obj (ramfuncs)
                  003d917f    0000001b     F2806x_SysCtrl.obj (ramfuncs)
                  003d919a    00000004     F2806x_usDelay.obj (ramfuncs)

FPUmathTables 
*          0    003fd590    000006a0     NOLOAD SECTION
                  003fd590    000006a0     rts2800_fpu32_fast_supplement.lib : FPUmathTables.obj (FPUmathTables)

MODULE SUMMARY

       Module                             code   initialized data   uninitialized data
       ------                             ----   ----------------   ------------------
    <current directory>
       F2806x_GlobalVariableDefs.obj      0      0                  3550              
       FW_control_DC.obj                  2011   6                  160               
       F2806x_DefaultIsr.obj              923    0                  0                 
       F2806x_Adc.obj                     570    0                  0                 
       F2806x_SysCtrl.obj                 450    0                  0                 
       F2806x_PieVect.obj                 38     256                0                 
       c2806xSchedulerTimer0.obj          146    0                  0                 
       F2806x_CpuTimers.obj               118    0                  24                
       FW_control_DC_data.obj             0      71                 68                
       MW_c28xx_adc.obj                   128    0                  0                 
       ert_main.obj                       97     8                  4                 
       MW_c28xx_board.obj                 61     0                  0                 
       MW_c28xx_qep.obj                   58     0                  0                 
       c2806xBoard_Realtime_Support.obj   52     0                  0                 
       F2806x_PieCtrl.obj                 40     0                  0                 
       MW_c28xx_pwm.obj                   31     0                  0                 
       MW_c28xGlobalInterrupts.obj        17     0                  1                 
       F2806x_CodeStartBranch.obj         10     0                  0                 
       F2806x_usDelay.obj                 8      0                  0                 
       MW_c28xGPIO.obj                    0      4                  1                 
       blapp_support.obj                  2      0                  0                 
    +--+----------------------------------+------+------------------+--------------------+
       Total:                             4760   345                3808              
                                                                                      
    C:/ProgramData/MATLAB/SupportPackages/3P.instrset/tic28xcodegentools.instrset/ti-cgt-c2000_20.2.1.LTS/lib/rts2800_fpu32.lib
       s_floorf.c.obj                     89     2                  0                 
       boot28.asm.obj                     86     0                  0                 
       exit.c.obj                         41     14                 6                 
       cpy_tbl.c.obj                      36     0                  0                 
       memcpy.c.obj                       29     0                  0                 
       _lock.c.obj                        9      10                 4                 
       args_main.c.obj                    18     0                  0                 
       pre_init.c.obj                     2      0                  0                 
       startup.c.obj                      1      0                  0                 
    +--+----------------------------------+------+------------------+--------------------+
       Total:                             311    26                 10                
                                                                                      
    C:/ti/controlSUITE/libs/math/FPUfastRTS/V100/lib/rts2800_fpu32_fast_supplement.lib
       FPUmathTables.obj                  0      1696               0                 
       atan2_f32.obj                      79     0                  0                 
       atan_f32.obj                       74     0                  0                 
       cos_f32.obj                        52     0                  0                 
       sin_f32.obj                        52     0                  0                 
       sqrt_f32.obj                       33     0                  0                 
    +--+----------------------------------+------+------------------+--------------------+
       Total:                             290    1696               0                 
                                                                                      
       Stack:                             0      0                  512               
    +--+----------------------------------+------+------------------+--------------------+
       Grand Total:                       5361   2067               4330              


GLOBAL DATA SYMBOLS: SORTED BY DATA PAGE

address     data page           name
--------    ----------------    ----
00000002       0 (00000000)     __stack

00000880      22 (00000880)     _DevEmuRegs

00000985      26 (00000980)     _SysPwrCtrlRegs

00000a80      2a (00000a80)     _FlashRegs

00000ae0      2b (00000ac0)     _CsmRegs

00000b00      2c (00000b00)     _AdcResult

00000c00      30 (00000c00)     _CpuTimer0Regs
00000c08      30 (00000c00)     _CpuTimer1Regs
00000c10      30 (00000c00)     _CpuTimer2Regs

00000ce0      33 (00000cc0)     _PieCtrlRegs

00000d00      34 (00000d00)     _EmuKey
00000d00      34 (00000d00)     _PieVectTable
00000d01      34 (00000d00)     _EmuBMode
00000d02      34 (00000d00)     _Flash_CallbackPtr
00000d04      34 (00000d00)     _Flash_CPUScaleFactor

00001000      40 (00001000)     _DmaRegs

00001400      50 (00001400)     _Cla1Regs

00004000     100 (00004000)     _Usb0Regs

00005000     140 (00005000)     _McbspaRegs

00006000     180 (00006000)     _ECanaRegs

00006040     181 (00006040)     _ECanaLAMRegs

00006080     182 (00006080)     _ECanaMOTSRegs

000060c0     183 (000060c0)     _ECanaMOTORegs

00006100     184 (00006100)     _ECanaMboxes

00006400     190 (00006400)     _Comp1Regs
00006420     190 (00006400)     _Comp2Regs

00006440     191 (00006440)     _Comp3Regs

00006800     1a0 (00006800)     _EPwm1Regs

00006840     1a1 (00006840)     _EPwm2Regs

00006880     1a2 (00006880)     _EPwm3Regs

000068c0     1a3 (000068c0)     _EPwm4Regs

00006900     1a4 (00006900)     _EPwm5Regs

00006940     1a5 (00006940)     _EPwm6Regs

00006980     1a6 (00006980)     _EPwm7Regs

000069c0     1a7 (000069c0)     _EPwm8Regs

00006a00     1a8 (00006a00)     _ECap1Regs
00006a20     1a8 (00006a00)     _ECap2Regs

00006a40     1a9 (00006a40)     _ECap3Regs

00006ac0     1ab (00006ac0)     _HRCap1Regs
00006ae0     1ab (00006ac0)     _HRCap2Regs

00006b00     1ac (00006b00)     _EQep1Regs

00006b40     1ad (00006b40)     _EQep2Regs

00006c80     1b2 (00006c80)     _HRCap3Regs
00006ca0     1b2 (00006c80)     _HRCap4Regs

00006f80     1be (00006f80)     _GpioCtrlRegs

00006fc0     1bf (00006fc0)     _GpioDataRegs
00006fe0     1bf (00006fc0)     _GpioIntRegs

00007010     1c0 (00007000)     _SysCtrlRegs

00007040     1c1 (00007040)     _SpiaRegs
00007050     1c1 (00007040)     _SciaRegs
00007060     1c1 (00007040)     _NmiIntruptRegs
00007070     1c1 (00007040)     _XIntruptRegs

00007100     1c4 (00007100)     _AdcRegs

00007740     1dd (00007740)     _SpibRegs
00007750     1dd (00007740)     _ScibRegs

00007900     1e4 (00007900)     _I2caRegs

0000e000     380 (0000e000)     _MW_adcInitFlag
0000e008     380 (0000e000)     _FW_control_DC_DWork

0000e040     381 (0000e040)     _FW_control_DC_B

0000e0a0     382 (0000e080)     _CpuTimer0
0000e0a8     382 (0000e080)     _CpuTimer1
0000e0b0     382 (0000e080)     _CpuTimer2
0000e0b8     382 (0000e080)     ___TI_enable_exit_profile_output
0000e0ba     382 (0000e080)     ___TI_cleanup_ptr
0000e0bc     382 (0000e080)     ___TI_dtors_ptr
0000e0be     382 (0000e080)     __lock

0000e0c0     383 (0000e0c0)     _FW_control_DC_P

0000e104     384 (0000e100)     _IsrOverrun
0000e106     384 (0000e100)     _stopRequested
0000e107     384 (0000e100)     _runModel
0000e108     384 (0000e100)     __unlock
0000e10a     384 (0000e100)     _GPIO_oneTimeInit
0000e10b     384 (0000e100)     _MW_InterruptDisableLock

003d7e80    f5fa (003d7e80)     _PartIdRegs

003d919e    f646 (003d9180)     _PieVectTableInit

003d929e    f64a (003d9280)     _FW_control_DC_M

003f7ff8    fdff (003f7fc0)     _CsmPwl

003fd590    ff56 (003fd580)     _FPUsinTable

003fd690    ff5a (003fd680)     _FPUcosTable

003fd990    ff66 (003fd980)     _FPUsinTableEnd

003fda92    ff6a (003fda80)     _FPUatan2HalfPITable
003fda92    ff6a (003fda80)     _FPUcosTableEnd
003fda96    ff6a (003fda80)     _FPUatan2Table

003fdc1c    ff70 (003fdc00)     _FPUatan2TableEnd


GLOBAL SYMBOLS: SORTED ALPHABETICALLY BY Name 

page  address   name                            
----  -------   ----                            
1     0000e000  .bss                            
1     0000e000  .data                           
0     003d8000  .text                           
0     003d8d1c  C$$EXIT                         
0     003d80be  _ADCINT1_ISR                    
0     003d80c8  _ADCINT2_ISR                    
0     003d82d0  _ADCINT3_ISR                    
0     003d82da  _ADCINT4_ISR                    
0     003d82e4  _ADCINT5_ISR                    
0     003d82ee  _ADCINT6_ISR                    
0     003d82f8  _ADCINT7_ISR                    
0     003d8302  _ADCINT8_ISR                    
0     003d80e6  _ADCINT9_ISR                    
0     003d840f  _AdcChanSelect                  
0     003d8484  _AdcConversion                  
0     003d83e8  _AdcOffsetSelfCal               
1     00007100  _AdcRegs                        
1     00000b00  _AdcResult                      
0     003d830c  _CLA1_INT1_ISR                  
0     003d8316  _CLA1_INT2_ISR                  
0     003d8320  _CLA1_INT3_ISR                  
0     003d832a  _CLA1_INT4_ISR                  
0     003d8334  _CLA1_INT5_ISR                  
0     003d833e  _CLA1_INT6_ISR                  
0     003d8348  _CLA1_INT7_ISR                  
0     003d8352  _CLA1_INT8_ISR                  
1     00001400  _Cla1Regs                       
1     00006400  _Comp1Regs                      
1     00006420  _Comp2Regs                      
1     00006440  _Comp3Regs                      
0     003d8993  _ConfigCpuTimer                 
1     0000e0a0  _CpuTimer0                      
1     00000c00  _CpuTimer0Regs                  
1     0000e0a8  _CpuTimer1                      
1     00000c08  _CpuTimer1Regs                  
1     0000e0b0  _CpuTimer2                      
1     00000c10  _CpuTimer2Regs                  
1     003f7ff8  _CsmPwl                         
1     00000ae0  _CsmRegs                        
0     003d86da  _CsmUnlock                      
0     003d8014  _DATALOG_ISR                    
0     003d8244  _DINTCH1_ISR                    
0     003d824e  _DINTCH2_ISR                    
0     003d8258  _DINTCH3_ISR                    
0     003d8262  _DINTCH4_ISR                    
0     003d826c  _DINTCH5_ISR                    
0     003d8276  _DINTCH6_ISR                    
0     0000834d  _DSP28x_usDelay                 
1     00000880  _DevEmuRegs                     
0     003d85f9  _DisableDog                     
1     00001000  _DmaRegs                        
0     003d82bc  _ECAN0INTA_ISR                  
0     003d82c6  _ECAN1INTA_ISR                  
0     003d81a4  _ECAP1_INT_ISR                  
0     003d81ae  _ECAP2_INT_ISR                  
0     003d81b8  _ECAP3_INT_ISR                  
1     00006040  _ECanaLAMRegs                   
1     000060c0  _ECanaMOTORegs                  
1     00006080  _ECanaMOTSRegs                  
1     00006100  _ECanaMboxes                    
1     00006000  _ECanaRegs                      
1     00006a00  _ECap1Regs                      
1     00006a20  _ECap2Regs                      
1     00006a40  _ECap3Regs                      
0     003d837a  _EMPTY_ISR                      
0     003d8028  _EMUINT_ISR                     
0     003d8154  _EPWM1_INT_ISR                  
0     003d8104  _EPWM1_TZINT_ISR                
0     003d815e  _EPWM2_INT_ISR                  
0     003d810e  _EPWM2_TZINT_ISR                
0     003d8168  _EPWM3_INT_ISR                  
0     003d8118  _EPWM3_TZINT_ISR                
0     003d8172  _EPWM4_INT_ISR                  
0     003d8122  _EPWM4_TZINT_ISR                
0     003d817c  _EPWM5_INT_ISR                  
0     003d812c  _EPWM5_TZINT_ISR                
0     003d8186  _EPWM6_INT_ISR                  
0     003d8136  _EPWM6_TZINT_ISR                
0     003d8190  _EPWM7_INT_ISR                  
0     003d8140  _EPWM7_TZINT_ISR                
0     003d819a  _EPWM8_INT_ISR                  
0     003d814a  _EPWM8_TZINT_ISR                
1     00006800  _EPwm1Regs                      
1     00006840  _EPwm2Regs                      
1     00006880  _EPwm3Regs                      
1     000068c0  _EPwm4Regs                      
1     00006900  _EPwm5Regs                      
1     00006940  _EPwm6Regs                      
1     00006980  _EPwm7Regs                      
1     000069c0  _EPwm8Regs                      
0     003d81d6  _EQEP1_INT_ISR                  
0     003d81e0  _EQEP2_INT_ISR                  
1     00006b00  _EQep1Regs                      
1     00006b40  _EQep2Regs                      
1     00000d01  _EmuBMode                       
1     00000d00  _EmuKey                         
0     003d8d64  _EnableInterrupts               
0     003d874b  _ExtOscSel                      
0     003fda92  _FPUatan2HalfPITable            
0     003fda96  _FPUatan2Table                  
0     003fdc1c  _FPUatan2TableEnd               
0     003fd690  _FPUcosTable                    
0     003fda92  _FPUcosTableEnd                 
0     003fd590  _FPUsinTable                    
0     003fd990  _FPUsinTableEnd                 
1     0000e040  _FW_control_DC_B                
1     0000e008  _FW_control_DC_DWork            
0     003d929e  _FW_control_DC_M                
1     0000e0c0  _FW_control_DC_P                
0     003d8761  _FW_control_DC_initialize       
0     0000801e  _FW_control_DC_step             
0     003d88d7  _FW_control_DC_terminate        
1     00000a80  _FlashRegs                      
1     00000d04  _Flash_CPUScaleFactor           
1     00000d02  _Flash_CallbackPtr              
1     0000e10a  _GPIO_oneTimeInit               
1     00006f80  _GpioCtrlRegs                   
1     00006fc0  _GpioDataRegs                   
1     00006fe0  _GpioIntRegs                    
0     003d81c2  _HRCAP1_INT_ISR                 
0     003d81cc  _HRCAP2_INT_ISR                 
0     003d81ea  _HRCAP3_INT_ISR                 
0     003d81f4  _HRCAP4_INT_ISR                 
1     00006ac0  _HRCap1Regs                     
1     00006ae0  _HRCap2Regs                     
1     00006c80  _HRCap3Regs                     
1     00006ca0  _HRCap4Regs                     
0     003d8280  _I2CINT1A_ISR                   
0     003d828a  _I2CINT2A_ISR                   
1     00007900  _I2caRegs                       
0     003d803c  _ILLEGAL_ISR                    
0     003d8000  _INT13_ISR                      
0     003d800a  _INT14_ISR                      
0     003d839b  _InitAdc                        
0     003d83c6  _InitAdcAio                     
0     003d8958  _InitCpuTimers                  
0     00008332  _InitFlash                      
0     003d8684  _InitPeripheralClocks           
0     003d8d45  _InitPieCtrl                    
0     003d8d6d  _InitPieVectTable               
0     003d8601  _InitPll                        
0     003d8656  _InitPll2                       
0     003d85d5  _InitSysCtrl                    
0     003d870b  _IntOsc1Sel                     
0     003d871b  _IntOsc2Sel                     
1     0000e104  _IsrOverrun                     
0     003d8370  _LUF_ISR                        
0     003d8366  _LVF_ISR                        
0     003d8230  _MRINTA_ISR                     
1     0000e10b  _MW_InterruptDisableLock        
1     0000e000  _MW_adcInitFlag                 
0     003d823a  _MXINTA_ISR                     
1     00005000  _McbspaRegs                     
0     003d8032  _NMI_ISR                        
1     00007060  _NmiIntruptRegs                 
0     003d8387  _PIE_RESERVED                   
1     003d7e80  _PartIdRegs                     
1     00000ce0  _PieCtrlRegs                    
1     00000d00  _PieVectTable                   
0     003d919e  _PieVectTableInit               
0     003d801e  _RTOSINT_ISR                    
0     003d919e  _RamfuncsLoadEnd                
0     003d8e4d  _RamfuncsLoadStart              
0     00008000  _RamfuncsRunStart               
0     003d8294  _SCIRXINTA_ISR                  
0     003d82a8  _SCIRXINTB_ISR                  
0     003d829e  _SCITXINTA_ISR                  
0     003d82b2  _SCITXINTB_ISR                  
0     003d8208  _SPIRXINTA_ISR                  
0     003d821c  _SPIRXINTB_ISR                  
0     003d8212  _SPITXINTA_ISR                  
0     003d8226  _SPITXINTB_ISR                  
1     00007050  _SciaRegs                       
1     00007750  _ScibRegs                       
0     003d85ef  _ServiceDog                     
1     00007040  _SpiaRegs                       
1     00007740  _SpibRegs                       
1     00007010  _SysCtrlRegs                    
1     00000985  _SysPwrCtrlRegs                 
0     003d80f0  _TINT0_ISR                      
0     003d8bc5  _TINT0_isr                      
0     003d81fe  _USB0_INT_ISR                   
0     003d80a0  _USER10_ISR                     
0     003d80aa  _USER11_ISR                     
0     003d80b4  _USER12_ISR                     
0     003d8046  _USER1_ISR                      
0     003d8050  _USER2_ISR                      
0     003d805a  _USER3_ISR                      
0     003d8064  _USER4_ISR                      
0     003d806e  _USER5_ISR                      
0     003d8078  _USER6_ISR                      
0     003d8082  _USER7_ISR                      
0     003d808c  _USER8_ISR                      
0     003d8096  _USER9_ISR                      
1     00004000  _Usb0Regs                       
0     003d80fa  _WAKEINT_ISR                    
0     003d80d2  _XINT1_ISR                      
0     003d80dc  _XINT2_ISR                      
0     003d835c  _XINT3_ISR                      
1     00007070  _XIntruptRegs                   
0     003d872f  _XtalOscSel                     
1     00000202  __STACK_END                     
abs   00000200  __STACK_SIZE                    
1     0000e0ba  ___TI_cleanup_ptr               
1     0000e0bc  ___TI_dtors_ptr                 
1     0000e0b8  ___TI_enable_exit_profile_output
abs   ffffffff  ___TI_pprof_out_hndl            
abs   ffffffff  ___TI_prof_data_size            
abs   ffffffff  ___TI_prof_data_start           
abs   ffffffff  ___binit__                      
1     0000e000  ___bss__                        
abs   ffffffff  ___c_args__                     
0     003d92a2  ___cinit__                      
1     0000e000  ___data__                       
1     0000e000  ___edata__                      
1     0000e000  ___end__                        
0     003d8e4d  ___etext__                      
abs   ffffffff  ___pinit__                      
0     003d8000  ___text__                       
0     003d8e14  __args_main                     
1     0000e0be  __lock                          
0     003d8e3f  __nop                           
0     003d8e3b  __register_lock                 
0     003d8e37  __register_unlock               
1     00000002  __stack                         
0     003d8e4c  __system_post_cinit             
0     003d8e4a  __system_pre_init               
1     0000e108  __unlock                        
0     003d8d1c  _abort                          
0     003d8b7b  _atan                           
0     003d8ade  _atan2                          
0     003d8c9c  _atan2f                         
0     003d8c95  _atanf                          
0     003d8e48  _bootloaderBackgroundTask       
0     003d8e49  _bootloaderInit                 
0     003d8ca5  _c2000_flash_init               
0     003d8a88  _c_int00                        
0     003d8902  _config_ADC_SOC0                
0     003d892f  _config_ADC_SOC2                
0     003d88d8  _config_ADC_SOC4                
0     003d8c46  _config_QEP_eQEP2               
0     003d8df6  _config_ePWMSyncSource          
0     003d8dd8  _config_ePWM_GPIO               
0     003d8dee  _config_ePWM_TBSync             
0     003d8b2d  _configureTimer0                
0     003d8d93  _copy_in                        
0     003d8cb4  _cos                            
0     003d8c80  _cosf                           
0     003d8b5a  _disableTimer0Interrupt         
0     003d8b52  _enableTimer0Interrupt          
0     003d8d1e  _exit                           
0     003d8a2f  _floor                          
0     003d8a2f  _floorf                         
0     003d8e2e  _globalInterruptDisable         
0     003d8e26  _globalInterruptEnable          
0     003d8c09  _init_board                     
0     003d89e2  _main                           
0     003d8df7  _memcpy                         
0     003d8b70  _restoreTimer0Interrupt         
0     003d8391  _rsvd_ISR                       
0     003d89ce  _rt_OneStep                     
1     0000e107  _runModel                       
0     003d8ce8  _sin                            
0     003d8c87  _sinf                           
0     003d8db7  _sqrt                           
0     003d8c8e  _sqrtf                          
1     0000e106  _stopRequested                  
abs   ffffffff  binit                           
0     003d92a2  cinit                           
0     003f7ff6  code_start                      
1     0000e000  edata                           
1     0000e000  end                             
0     003d8e4d  etext                           
abs   ffffffff  pinit                           


GLOBAL SYMBOLS: SORTED BY Symbol Address 

page  address   name                            
----  -------   ----                            
0     00008000  _RamfuncsRunStart               
0     0000801e  _FW_control_DC_step             
0     00008332  _InitFlash                      
0     0000834d  _DSP28x_usDelay                 
0     003d8000  .text                           
0     003d8000  _INT13_ISR                      
0     003d8000  ___text__                       
0     003d800a  _INT14_ISR                      
0     003d8014  _DATALOG_ISR                    
0     003d801e  _RTOSINT_ISR                    
0     003d8028  _EMUINT_ISR                     
0     003d8032  _NMI_ISR                        
0     003d803c  _ILLEGAL_ISR                    
0     003d8046  _USER1_ISR                      
0     003d8050  _USER2_ISR                      
0     003d805a  _USER3_ISR                      
0     003d8064  _USER4_ISR                      
0     003d806e  _USER5_ISR                      
0     003d8078  _USER6_ISR                      
0     003d8082  _USER7_ISR                      
0     003d808c  _USER8_ISR                      
0     003d8096  _USER9_ISR                      
0     003d80a0  _USER10_ISR                     
0     003d80aa  _USER11_ISR                     
0     003d80b4  _USER12_ISR                     
0     003d80be  _ADCINT1_ISR                    
0     003d80c8  _ADCINT2_ISR                    
0     003d80d2  _XINT1_ISR                      
0     003d80dc  _XINT2_ISR                      
0     003d80e6  _ADCINT9_ISR                    
0     003d80f0  _TINT0_ISR                      
0     003d80fa  _WAKEINT_ISR                    
0     003d8104  _EPWM1_TZINT_ISR                
0     003d810e  _EPWM2_TZINT_ISR                
0     003d8118  _EPWM3_TZINT_ISR                
0     003d8122  _EPWM4_TZINT_ISR                
0     003d812c  _EPWM5_TZINT_ISR                
0     003d8136  _EPWM6_TZINT_ISR                
0     003d8140  _EPWM7_TZINT_ISR                
0     003d814a  _EPWM8_TZINT_ISR                
0     003d8154  _EPWM1_INT_ISR                  
0     003d815e  _EPWM2_INT_ISR                  
0     003d8168  _EPWM3_INT_ISR                  
0     003d8172  _EPWM4_INT_ISR                  
0     003d817c  _EPWM5_INT_ISR                  
0     003d8186  _EPWM6_INT_ISR                  
0     003d8190  _EPWM7_INT_ISR                  
0     003d819a  _EPWM8_INT_ISR                  
0     003d81a4  _ECAP1_INT_ISR                  
0     003d81ae  _ECAP2_INT_ISR                  
0     003d81b8  _ECAP3_INT_ISR                  
0     003d81c2  _HRCAP1_INT_ISR                 
0     003d81cc  _HRCAP2_INT_ISR                 
0     003d81d6  _EQEP1_INT_ISR                  
0     003d81e0  _EQEP2_INT_ISR                  
0     003d81ea  _HRCAP3_INT_ISR                 
0     003d81f4  _HRCAP4_INT_ISR                 
0     003d81fe  _USB0_INT_ISR                   
0     003d8208  _SPIRXINTA_ISR                  
0     003d8212  _SPITXINTA_ISR                  
0     003d821c  _SPIRXINTB_ISR                  
0     003d8226  _SPITXINTB_ISR                  
0     003d8230  _MRINTA_ISR                     
0     003d823a  _MXINTA_ISR                     
0     003d8244  _DINTCH1_ISR                    
0     003d824e  _DINTCH2_ISR                    
0     003d8258  _DINTCH3_ISR                    
0     003d8262  _DINTCH4_ISR                    
0     003d826c  _DINTCH5_ISR                    
0     003d8276  _DINTCH6_ISR                    
0     003d8280  _I2CINT1A_ISR                   
0     003d828a  _I2CINT2A_ISR                   
0     003d8294  _SCIRXINTA_ISR                  
0     003d829e  _SCITXINTA_ISR                  
0     003d82a8  _SCIRXINTB_ISR                  
0     003d82b2  _SCITXINTB_ISR                  
0     003d82bc  _ECAN0INTA_ISR                  
0     003d82c6  _ECAN1INTA_ISR                  
0     003d82d0  _ADCINT3_ISR                    
0     003d82da  _ADCINT4_ISR                    
0     003d82e4  _ADCINT5_ISR                    
0     003d82ee  _ADCINT6_ISR                    
0     003d82f8  _ADCINT7_ISR                    
0     003d8302  _ADCINT8_ISR                    
0     003d830c  _CLA1_INT1_ISR                  
0     003d8316  _CLA1_INT2_ISR                  
0     003d8320  _CLA1_INT3_ISR                  
0     003d832a  _CLA1_INT4_ISR                  
0     003d8334  _CLA1_INT5_ISR                  
0     003d833e  _CLA1_INT6_ISR                  
0     003d8348  _CLA1_INT7_ISR                  
0     003d8352  _CLA1_INT8_ISR                  
0     003d835c  _XINT3_ISR                      
0     003d8366  _LVF_ISR                        
0     003d8370  _LUF_ISR                        
0     003d837a  _EMPTY_ISR                      
0     003d8387  _PIE_RESERVED                   
0     003d8391  _rsvd_ISR                       
0     003d839b  _InitAdc                        
0     003d83c6  _InitAdcAio                     
0     003d83e8  _AdcOffsetSelfCal               
0     003d840f  _AdcChanSelect                  
0     003d8484  _AdcConversion                  
0     003d85d5  _InitSysCtrl                    
0     003d85ef  _ServiceDog                     
0     003d85f9  _DisableDog                     
0     003d8601  _InitPll                        
0     003d8656  _InitPll2                       
0     003d8684  _InitPeripheralClocks           
0     003d86da  _CsmUnlock                      
0     003d870b  _IntOsc1Sel                     
0     003d871b  _IntOsc2Sel                     
0     003d872f  _XtalOscSel                     
0     003d874b  _ExtOscSel                      
0     003d8761  _FW_control_DC_initialize       
0     003d88d7  _FW_control_DC_terminate        
0     003d88d8  _config_ADC_SOC4                
0     003d8902  _config_ADC_SOC0                
0     003d892f  _config_ADC_SOC2                
0     003d8958  _InitCpuTimers                  
0     003d8993  _ConfigCpuTimer                 
0     003d89ce  _rt_OneStep                     
0     003d89e2  _main                           
0     003d8a2f  _floor                          
0     003d8a2f  _floorf                         
0     003d8a88  _c_int00                        
0     003d8ade  _atan2                          
0     003d8b2d  _configureTimer0                
0     003d8b52  _enableTimer0Interrupt          
0     003d8b5a  _disableTimer0Interrupt         
0     003d8b70  _restoreTimer0Interrupt         
0     003d8b7b  _atan                           
0     003d8bc5  _TINT0_isr                      
0     003d8c09  _init_board                     
0     003d8c46  _config_QEP_eQEP2               
0     003d8c80  _cosf                           
0     003d8c87  _sinf                           
0     003d8c8e  _sqrtf                          
0     003d8c95  _atanf                          
0     003d8c9c  _atan2f                         
0     003d8ca5  _c2000_flash_init               
0     003d8cb4  _cos                            
0     003d8ce8  _sin                            
0     003d8d1c  C$$EXIT                         
0     003d8d1c  _abort                          
0     003d8d1e  _exit                           
0     003d8d45  _InitPieCtrl                    
0     003d8d64  _EnableInterrupts               
0     003d8d6d  _InitPieVectTable               
0     003d8d93  _copy_in                        
0     003d8db7  _sqrt                           
0     003d8dd8  _config_ePWM_GPIO               
0     003d8dee  _config_ePWM_TBSync             
0     003d8df6  _config_ePWMSyncSource          
0     003d8df7  _memcpy                         
0     003d8e14  __args_main                     
0     003d8e26  _globalInterruptEnable          
0     003d8e2e  _globalInterruptDisable         
0     003d8e37  __register_unlock               
0     003d8e3b  __register_lock                 
0     003d8e3f  __nop                           
0     003d8e48  _bootloaderBackgroundTask       
0     003d8e49  _bootloaderInit                 
0     003d8e4a  __system_pre_init               
0     003d8e4c  __system_post_cinit             
0     003d8e4d  _RamfuncsLoadStart              
0     003d8e4d  ___etext__                      
0     003d8e4d  etext                           
0     003d919e  _PieVectTableInit               
0     003d919e  _RamfuncsLoadEnd                
0     003d929e  _FW_control_DC_M                
0     003d92a2  ___cinit__                      
0     003d92a2  cinit                           
0     003f7ff6  code_start                      
0     003fd590  _FPUsinTable                    
0     003fd690  _FPUcosTable                    
0     003fd990  _FPUsinTableEnd                 
0     003fda92  _FPUatan2HalfPITable            
0     003fda92  _FPUcosTableEnd                 
0     003fda96  _FPUatan2Table                  
0     003fdc1c  _FPUatan2TableEnd               
1     00000002  __stack                         
1     00000202  __STACK_END                     
1     00000880  _DevEmuRegs                     
1     00000985  _SysPwrCtrlRegs                 
1     00000a80  _FlashRegs                      
1     00000ae0  _CsmRegs                        
1     00000b00  _AdcResult                      
1     00000c00  _CpuTimer0Regs                  
1     00000c08  _CpuTimer1Regs                  
1     00000c10  _CpuTimer2Regs                  
1     00000ce0  _PieCtrlRegs                    
1     00000d00  _EmuKey                         
1     00000d00  _PieVectTable                   
1     00000d01  _EmuBMode                       
1     00000d02  _Flash_CallbackPtr              
1     00000d04  _Flash_CPUScaleFactor           
1     00001000  _DmaRegs                        
1     00001400  _Cla1Regs                       
1     00004000  _Usb0Regs                       
1     00005000  _McbspaRegs                     
1     00006000  _ECanaRegs                      
1     00006040  _ECanaLAMRegs                   
1     00006080  _ECanaMOTSRegs                  
1     000060c0  _ECanaMOTORegs                  
1     00006100  _ECanaMboxes                    
1     00006400  _Comp1Regs                      
1     00006420  _Comp2Regs                      
1     00006440  _Comp3Regs                      
1     00006800  _EPwm1Regs                      
1     00006840  _EPwm2Regs                      
1     00006880  _EPwm3Regs                      
1     000068c0  _EPwm4Regs                      
1     00006900  _EPwm5Regs                      
1     00006940  _EPwm6Regs                      
1     00006980  _EPwm7Regs                      
1     000069c0  _EPwm8Regs                      
1     00006a00  _ECap1Regs                      
1     00006a20  _ECap2Regs                      
1     00006a40  _ECap3Regs                      
1     00006ac0  _HRCap1Regs                     
1     00006ae0  _HRCap2Regs                     
1     00006b00  _EQep1Regs                      
1     00006b40  _EQep2Regs                      
1     00006c80  _HRCap3Regs                     
1     00006ca0  _HRCap4Regs                     
1     00006f80  _GpioCtrlRegs                   
1     00006fc0  _GpioDataRegs                   
1     00006fe0  _GpioIntRegs                    
1     00007010  _SysCtrlRegs                    
1     00007040  _SpiaRegs                       
1     00007050  _SciaRegs                       
1     00007060  _NmiIntruptRegs                 
1     00007070  _XIntruptRegs                   
1     00007100  _AdcRegs                        
1     00007740  _SpibRegs                       
1     00007750  _ScibRegs                       
1     00007900  _I2caRegs                       
1     0000e000  .bss                            
1     0000e000  .data                           
1     0000e000  _MW_adcInitFlag                 
1     0000e000  ___bss__                        
1     0000e000  ___data__                       
1     0000e000  ___edata__                      
1     0000e000  ___end__                        
1     0000e000  edata                           
1     0000e000  end                             
1     0000e008  _FW_control_DC_DWork            
1     0000e040  _FW_control_DC_B                
1     0000e0a0  _CpuTimer0                      
1     0000e0a8  _CpuTimer1                      
1     0000e0b0  _CpuTimer2                      
1     0000e0b8  ___TI_enable_exit_profile_output
1     0000e0ba  ___TI_cleanup_ptr               
1     0000e0bc  ___TI_dtors_ptr                 
1     0000e0be  __lock                          
1     0000e0c0  _FW_control_DC_P                
1     0000e104  _IsrOverrun                     
1     0000e106  _stopRequested                  
1     0000e107  _runModel                       
1     0000e108  __unlock                        
1     0000e10a  _GPIO_oneTimeInit               
1     0000e10b  _MW_InterruptDisableLock        
1     003d7e80  _PartIdRegs                     
1     003f7ff8  _CsmPwl                         
abs   00000200  __STACK_SIZE                    
abs   ffffffff  ___TI_pprof_out_hndl            
abs   ffffffff  ___TI_prof_data_size            
abs   ffffffff  ___TI_prof_data_start           
abs   ffffffff  ___binit__                      
abs   ffffffff  ___c_args__                     
abs   ffffffff  ___pinit__                      
abs   ffffffff  binit                           
abs   ffffffff  pinit                           

[274 symbols]
